[catalyst.tailwindui.com/index.html]
[catalyst.tailwindui.com/_next/static/css/a0ef8b0be38d4a67.css]
[catalyst.tailwindui.com/_next/static/chunks/webpack-a7591c45012f8d69.js]
[catalyst.tailwindui.com/_next/static/chunks/fd9d1056-b920254819e26e05.js]
[catalyst.tailwindui.com/_next/static/chunks/938-411ba23ba13ae0d5.js]
[catalyst.tailwindui.com/_next/static/chunks/main-app-ead4ecf24f82c37a.js]
[catalyst.tailwindui.com/_next/static/chunks/250-964b677d4a035ea3.js]
[catalyst.tailwindui.com/_next/static/chunks/284-1cf7364bd69fd009.js]
[catalyst.tailwindui.com/_next/static/chunks/93-99b8204a115d715d.js]
[catalyst.tailwindui.com/_next/static/chunks/589-3a43adb713325b2e.js]
[catalyst.tailwindui.com/_next/static/chunks/424-7263f0552721ed1a.js]
[catalyst.tailwindui.com/_next/static/chunks/63-bbd24f66b03c5fd4.js]
[catalyst.tailwindui.com/_next/static/chunks/915-fe6a4b175ba9fdda.js]
[catalyst.tailwindui.com/_next/static/chunks/app/(home)/page-0880c3b699922253.js]
[catalyst.tailwindui.com/_next/static/chunks/app/(docs)/layout-01887b0450637c41.js]
[backblue.gif]
[fade.gif]
[index.html]
[catalyst.tailwindui.com/favicon.ico]
[catalyst.tailwindui.com/_next/static/chunks/polyfills-c67a75d1b6f99dc8.js]
[catalyst.tailwindui.com/index.html]
[catalyst.tailwindui.com/_next/static/css/a0ef8b0be38d4a67.css]
[catalyst.tailwindui.com/docs.html]
[catalyst.tailwindui.com/_next/static/media/copy-components.f99ada87.png]
[catalyst.tailwindui.com/_next/static/chunks/app/(docs)/docs/layout-df4d1dcd911e8490.js]
[catalyst.tailwindui.com/_next/static/chunks/app/(docs)/docs/page-2c387ff6ba53c934.js]
[catalyst.tailwindui.com/docs/alert.html]
[catalyst.tailwindui.com/docs/avatar.html]
[catalyst.tailwindui.com/docs/badge.html]
[catalyst.tailwindui.com/docs/button.html]
[catalyst.tailwindui.com/docs/checkbox.html]
[catalyst.tailwindui.com/docs/dialog.html]
[catalyst.tailwindui.com/docs/dropdown.html]
[catalyst.tailwindui.com/docs/fieldset.html]
[catalyst.tailwindui.com/docs/input.html]
[catalyst.tailwindui.com/docs/listbox.html]
[catalyst.tailwindui.com/docs/pagination.html]
[catalyst.tailwindui.com/docs/radio.html]
[catalyst.tailwindui.com/docs/select.html]
[catalyst.tailwindui.com/docs/switch.html]
[catalyst.tailwindui.com/docs/text.html]
[catalyst.tailwindui.com/docs/table.html]
[catalyst.tailwindui.com/docs.html]
[catalyst.tailwindui.com/docs/alert.html]
[catalyst.tailwindui.com/_next/static/chunks/app/(docs)/docs/alert/page-fb7220ba1eb6d446.js]
[catalyst.tailwindui.com/docs/textarea.html]
[catalyst.tailwindui.com/docs/avatar.html]
[catalyst.tailwindui.com/_next/static/chunks/app/(docs)/docs/avatar/page-48005b0d21625d1a.js]
[catalyst.tailwindui.com/docs/badge.html]
[catalyst.tailwindui.com/_next/static/chunks/app/(docs)/docs/badge/page-4ca005ceb2a59212.js]
[catalyst.tailwindui.com/_next/static/chunks/app/(docs)/docs/button/page-6e7b22ac5b1a4289.js]
[catalyst.tailwindui.com/docs/button.html]
[catalyst.tailwindui.com/docs/checkbox.html]
[catalyst.tailwindui.com/_next/static/chunks/app/(docs)/docs/checkbox/page-6653cd01546ba0f4.js]
[catalyst.tailwindui.com/docs/dialog.html]
[catalyst.tailwindui.com/_next/static/chunks/app/(docs)/docs/dialog/page-42043cbdc8690515.js]
[catalyst.tailwindui.com/_next/static/chunks/app/(docs)/docs/dropdown/page-473865a1f20d283d.js]
[catalyst.tailwindui.com/docs/Button]
[catalyst.tailwindui.com/docs/dropdown.html]
[catalyst.tailwindui.com/docs/fieldset.html]
[catalyst.tailwindui.com/_next/static/chunks/app/(docs)/docs/fieldset/page-6acb848ea9ea32b7.js]
[catalyst.tailwindui.com/docs/input.html]
[catalyst.tailwindui.com/_next/static/chunks/app/(docs)/docs/input/page-88c6c38c250b0a9c.js]
[catalyst.tailwindui.com/_next/static/chunks/984-acfbff62f8749a66.js]
[catalyst.tailwindui.com/docs/listbox.html]
[catalyst.tailwindui.com/_next/static/chunks/app/(docs)/docs/listbox/page-52e168b2e46f22aa.js]
[catalyst.tailwindui.com/docs/pagination.html]
[catalyst.tailwindui.com/_next/static/chunks/app/(docs)/docs/pagination/page-d14820e1882bee42.js]
[catalyst.tailwindui.com/docs/radio.html]
[catalyst.tailwindui.com/_next/static/chunks/app/(docs)/docs/radio/page-47a58cf76e7acae6.js]
[catalyst.tailwindui.com/_next/static/chunks/app/(docs)/docs/select/page-a186810cc1af982b.js]
[catalyst.tailwindui.com/docs/select.html]
[catalyst.tailwindui.com/docs/switch.html]
[catalyst.tailwindui.com/_next/static/chunks/app/(docs)/docs/switch/page-860f5e16e554dbca.js]
[catalyst.tailwindui.com/docs/table.html]
[catalyst.tailwindui.com/_next/static/chunks/app/(docs)/docs/table/page-f0e608e259868a12.js]
[catalyst.tailwindui.com/docs/text.html]
[catalyst.tailwindui.com/_next/static/chunks/app/(docs)/docs/text/page-a368a321608c0604.js]
[catalyst.tailwindui.com/_next/static/chunks/app/(docs)/docs/textarea/page-e608d8808d196774.js]
[catalyst.tailwindui.com/docs/textarea.html]
[catalyst.tailwindui.com/docs/404]
